// Jest Snapshot v1, https://goo.gl/fbAQLP

exports[`Expect to render MainPage component 1`] = `
<div
  className="mainblock"
>
  <div>
    <h1>
      RoboSearch
    </h1>
  </div>
  <div
    className="searchfield"
  >
    <input
      aria-label="Search Robots"
      className="searchfield__input"
      placeholder="Search robots!"
      type="search"
    />
  </div>
  <div />
</div>
`;
